-- This file and its contents are licensed under the Timescale License.
-- Please see the included NOTICE for copyright information and
-- LICENSE-TIMESCALE for a copy of the license.
-- Check what get_git_commit returns
SELECT pg_typeof(commit_tag) AS commit_tag_type,
       pg_typeof(commit_hash) AS commit_hash_type,
       pg_typeof(commit_time) AS commit_time_type
  FROM _timescaledb_internal.get_git_commit();
 commit_tag_type | commit_hash_type |     commit_time_type     
-----------------+------------------+--------------------------
 text            | text             | timestamp with time zone
(1 row)

