Parsed test spec with 4 sessions

starting permutation: s4_wait_created s4_wait_found s1_create_chunk_1 s2_create_chunk_1 s3_conditions_locks s4_release_created s3_conditions_locks s4_release_found
step s4_wait_created: SELECT debug_waitpoint_enable('find_or_create_chunk_created');
debug_waitpoint_enable

               
step s4_wait_found: SELECT debug_waitpoint_enable('find_or_create_chunk_found');
debug_waitpoint_enable

               
step s1_create_chunk_1: 
	SELECT slices, created FROM _timescaledb_internal.create_chunk('conditions', jsonb_build_object('time', ARRAY[1514764800000000, 1514851200000000], 'device', ARRAY[-9223372036854775808, 1073741823]));
 <waiting ...>
step s2_create_chunk_1: 
	SELECT slices, created FROM _timescaledb_internal.create_chunk('conditions', jsonb_build_object('time', ARRAY[1514764800000000, 1514851200000000], 'device', ARRAY[-9223372036854775808, 1073741823]));
 <waiting ...>
step s3_conditions_locks: 
	SELECT root_table_lock_count() AS table_lock,
	waitpoint_count('find_or_create_chunk_start') AS at_start,
	waitpoint_count('find_or_create_chunk_created') AS at_created,
	waitpoint_count('find_or_create_chunk_found') AS at_found;

table_lock     at_start       at_created     at_found       

2              0              1              0              
step s4_release_created: SELECT debug_waitpoint_release('find_or_create_chunk_created');
debug_waitpoint_release

               
step s1_create_chunk_1: <... completed>
slices         created        

{"time": [1514764800000000, 1514851200000000], "device": [-9223372036854775808, 1073741823]}t              
step s3_conditions_locks: 
	SELECT root_table_lock_count() AS table_lock,
	waitpoint_count('find_or_create_chunk_start') AS at_start,
	waitpoint_count('find_or_create_chunk_created') AS at_created,
	waitpoint_count('find_or_create_chunk_found') AS at_found;

table_lock     at_start       at_created     at_found       

0              0              0              1              
step s4_release_found: SELECT debug_waitpoint_release('find_or_create_chunk_found');
debug_waitpoint_release

               
step s2_create_chunk_1: <... completed>
slices         created        

{"time": [1514764800000000, 1514851200000000], "device": [-9223372036854775808, 1073741823]}f              

starting permutation: s4_wait_created s4_wait_found s1_create_chunk_1 s2_create_chunk_2 s3_conditions_locks s4_release_created s3_conditions_locks s4_release_found
step s4_wait_created: SELECT debug_waitpoint_enable('find_or_create_chunk_created');
debug_waitpoint_enable

               
step s4_wait_found: SELECT debug_waitpoint_enable('find_or_create_chunk_found');
debug_waitpoint_enable

               
step s1_create_chunk_1: 
	SELECT slices, created FROM _timescaledb_internal.create_chunk('conditions', jsonb_build_object('time', ARRAY[1514764800000000, 1514851200000000], 'device', ARRAY[-9223372036854775808, 1073741823]));
 <waiting ...>
step s2_create_chunk_2: 
	SELECT slices, created FROM _timescaledb_internal.create_chunk('conditions', jsonb_build_object('time', ARRAY[1514764800000000, 1514851200000000], 'device', ARRAY[1073741823, 9223372036854775807]));
 <waiting ...>
step s3_conditions_locks: 
	SELECT root_table_lock_count() AS table_lock,
	waitpoint_count('find_or_create_chunk_start') AS at_start,
	waitpoint_count('find_or_create_chunk_created') AS at_created,
	waitpoint_count('find_or_create_chunk_found') AS at_found;

table_lock     at_start       at_created     at_found       

2              0              1              0              
step s4_release_created: SELECT debug_waitpoint_release('find_or_create_chunk_created');
debug_waitpoint_release

               
step s1_create_chunk_1: <... completed>
slices         created        

{"time": [1514764800000000, 1514851200000000], "device": [-9223372036854775808, 1073741823]}t              
step s2_create_chunk_2: <... completed>
slices         created        

{"time": [1514764800000000, 1514851200000000], "device": [1073741823, 9223372036854775807]}t              
step s3_conditions_locks: 
	SELECT root_table_lock_count() AS table_lock,
	waitpoint_count('find_or_create_chunk_start') AS at_start,
	waitpoint_count('find_or_create_chunk_created') AS at_created,
	waitpoint_count('find_or_create_chunk_found') AS at_found;

table_lock     at_start       at_created     at_found       

0              0              0              0              
step s4_release_found: SELECT debug_waitpoint_release('find_or_create_chunk_found');
debug_waitpoint_release

               

starting permutation: s4_wait_created s1_create_chunk_1 s4_wait_start s2_create_chunk_1 s3_conditions_locks s4_release_created s3_conditions_locks s4_release_start s3_conditions_locks
step s4_wait_created: SELECT debug_waitpoint_enable('find_or_create_chunk_created');
debug_waitpoint_enable

               
step s1_create_chunk_1: 
	SELECT slices, created FROM _timescaledb_internal.create_chunk('conditions', jsonb_build_object('time', ARRAY[1514764800000000, 1514851200000000], 'device', ARRAY[-9223372036854775808, 1073741823]));
 <waiting ...>
step s4_wait_start: SELECT debug_waitpoint_enable('find_or_create_chunk_start');
debug_waitpoint_enable

               
step s2_create_chunk_1: 
	SELECT slices, created FROM _timescaledb_internal.create_chunk('conditions', jsonb_build_object('time', ARRAY[1514764800000000, 1514851200000000], 'device', ARRAY[-9223372036854775808, 1073741823]));
 <waiting ...>
step s3_conditions_locks: 
	SELECT root_table_lock_count() AS table_lock,
	waitpoint_count('find_or_create_chunk_start') AS at_start,
	waitpoint_count('find_or_create_chunk_created') AS at_created,
	waitpoint_count('find_or_create_chunk_found') AS at_found;

table_lock     at_start       at_created     at_found       

1              1              1              0              
step s4_release_created: SELECT debug_waitpoint_release('find_or_create_chunk_created');
debug_waitpoint_release

               
step s1_create_chunk_1: <... completed>
slices         created        

{"time": [1514764800000000, 1514851200000000], "device": [-9223372036854775808, 1073741823]}t              
step s3_conditions_locks: 
	SELECT root_table_lock_count() AS table_lock,
	waitpoint_count('find_or_create_chunk_start') AS at_start,
	waitpoint_count('find_or_create_chunk_created') AS at_created,
	waitpoint_count('find_or_create_chunk_found') AS at_found;

table_lock     at_start       at_created     at_found       

0              1              0              0              
step s4_release_start: SELECT debug_waitpoint_release('find_or_create_chunk_start');
debug_waitpoint_release

               
step s2_create_chunk_1: <... completed>
slices         created        

{"time": [1514764800000000, 1514851200000000], "device": [-9223372036854775808, 1073741823]}f              
step s3_conditions_locks: 
	SELECT root_table_lock_count() AS table_lock,
	waitpoint_count('find_or_create_chunk_start') AS at_start,
	waitpoint_count('find_or_create_chunk_created') AS at_created,
	waitpoint_count('find_or_create_chunk_found') AS at_found;

table_lock     at_start       at_created     at_found       

0              0              0              0              
